src/components/modules/restaurant/dashboard/components/RevenueChart.tsx(103,36): error TS2322: Type '{ responsive: boolean; maintainAspectRatio: boolean; plugins: { legend: { display: boolean; }; tooltip: { backgroundColor: string; padding: number; cornerRadius: number; titleFont: { size: number; weight: "normal"; }; bodyFont: { ...; }; displayColors: boolean; callbacks: { ...; }; }; }; scales: { ...; }; }' is not assignable to type '_DeepPartialObject<CoreChartOptions<"line"> & ElementChartOptions<"line"> & PluginChartOptions<"line"> & DatasetChartOptions<"line"> & ScaleChartOptions<...> & LineControllerChartOptions>'.
  Types of property 'scales' are incompatible.
    Type '{ y: { min: number; suggestedMax: number; ticks: { maxTicksLimit: number; color: string; font: { size: number; weight: "600"; }; callback: (value: any) => string; }; border: { display: boolean; dash: number[]; }; grid: { ...; }; }; x: { ...; }; }' is not assignable to type '_DeepPartialObject<{ [key: string]: ScaleOptionsByType<keyof CartesianScaleTypeRegistry>; }>'.
      Property 'y' is incompatible with index signature.
        Type '{ min: number; suggestedMax: number; ticks: { maxTicksLimit: number; color: string; font: { size: number; weight: "600"; }; callback: (value: any) => string; }; border: { display: boolean; dash: number[]; }; grid: { ...; }; }' is not assignable to type '_DeepPartialObject<{ type: "time"; } & Omit<CartesianScaleOptions, "max" | "min"> & { min: string | number; max: string | number; suggestedMin: string | number; ... 5 more ...; ticks: TimeScaleTickOptions; }> | ... 4 more ... | undefined'.
          Type '{ min: number; suggestedMax: number; ticks: { maxTicksLimit: number; color: string; font: { size: number; weight: "600"; }; callback: (value: any) => string; }; border: { display: boolean; dash: number[]; }; grid: { ...; }; }' is not assignable to type '_DeepPartialObject<{ type: "timeseries"; } & Omit<CartesianScaleOptions, "max" | "min"> & { min: string | number; max: string | number; suggestedMin: string | number; ... 5 more ...; ticks: TimeScaleTickOptions; }>'.
            The types of 'ticks.font' are incompatible between these types.
              Type '{ size: number; weight: "600"; }' is not assignable to type '_DeepPartialObject<Partial<FontSpec>> | ((ctx: ScriptableScaleContext, options: AnyObject) => Partial<...> | undefined) | _DeepPartialObject<...> | undefined'.
                Type '{ size: number; weight: "600"; }' is not assignable to type '_DeepPartialObject<ScriptableOptions<Partial<FontSpec>, ScriptableScaleContext>>'.
                  Types of property 'weight' are incompatible.
                    Type '"600"' is not assignable to type 'number | "bold" | "normal" | "lighter" | "bolder" | ((ctx: ScriptableScaleContext, options: AnyObject) => number | "bold" | "normal" | "lighter" | "bolder" | null | undefined) | null | undefined'.
