src/components/modules/restaurant/settings/tabs/SecurityTab.tsx(11,23): error TS2307: Cannot find module 'sonner' or its corresponding type declarations.
